// Jest Snapshot v1, https://goo.gl/fbAQLP

exports[`Properly Inde page data 1`] = `<index />`;
